1.Going to repo:-
akhila@DESKTOP-36MU14I MINGW64 ~
$ cd/f
bash: cd/f: No such file or directory

akhila@DESKTOP-36MU14I MINGW64 ~
$ cd /c

akhila@DESKTOP-36MU14I MINGW64 /c
$ cd /f
akhila@DESKTOP-36MU14I MINGW64 /f
$ cd gittest/

akhila@DESKTOP-36MU14I MINGW64 /f/gittest
$ ls

akhila@DESKTOP-36MU14I MINGW64 /f/gittest
$ git config --global user.name "Snikitha-Bommena"

akhila@DESKTOP-36MU14I MINGW64 /f/gittest
$ git config --global user.email"snikithabommena@gmail.com"

akhila@DESKTOP-36MU14I MINGW64 /f/gittest
$ git clone https://github.com/Snikitha-Bommena/reop
Cloning into 'reop'...
remote: Enumerating objects: 3, done.
remote: Counting objects: 100% (3/3), done.
remote: Total 3 (delta 0), reused 0 (delta 0), pack-reused 0
Unpacking objects: 100% (3/3), 595 bytes | 4.00 KiB/s, done.

akhila@DESKTOP-36MU14I MINGW64 /f/gittest
$ ls
reop/

akhila@DESKTOP-36MU14I MINGW64 /f/gittest
$ cd reop/

akhila@DESKTOP-36MU14I MINGW64 /f/gittest/reop (master)
$ ls
README.md
2.Adding a file:-
akhila@DESKTOP-36MU14I MINGW64 /f/gittest/reop (master)
$ git add learn.txt
$ git add learn.txt
3.Cheching the status:-
akhila@DESKTOP-36MU14I MINGW64 /f/gittest/reop (master)
$ git status
On branch master
Your branch is up to date with 'origin/master'.

Changes to be committed:
  (use "git restore --staged <file>..." to unstage)
        new file:   learn.txt
4.Commiting:-

akhila@DESKTOP-36MU14I MINGW64 /f/gittest/reop (master)
$ git commit -m "first file" learn.txt
[master 61f50fb] first file
 1 file changed, 1 insertion(+)
 create mode 100644 learn.txt

5.push operation:-
akhila@DESKTOP-36MU14I MINGW64 /f/gittest/reop (master)
$ git push -u origin master
Enumerating objects: 4, done.
Counting objects: 100% (4/4), done.
Delta compression using up to 4 threads
Compressing objects: 100% (2/2), done.
Writing objects: 100% (3/3), 285 bytes | 95.00 KiB/s, done.
Total 3 (delta 0), reused 0 (delta 0), pack-reused 0
To https://github.com/Snikitha-Bommena/reop
   fa8900d..61f50fb  master -> master
Branch 'master' set up to track remote branch 'master' from 'origin'.
